<pre>[student@workstation ~]$ lab openshift-s2i start

Setting up workstation for the Guided Excercise: Creating a Containerized Application with Source-to-Image

 · Installing the tree command.................................  <font color="#34E2E2"><b>SUCCESS</b></font>
 Checking local clone of the applications repository:
 · Folder &apos;/home/student/DO180-apps&apos; is a git repo.............  <font color="#EF2929"><b>FAIL</b></font>

You do not seem to have a local clone of the applications repository.
Perform the first guided exercise: &quot;Configuring Your Classroom Environment&quot; before starting this exercise.

Cannot continue due to the previous errors.....................  <font color="#EF2929"><b>FAIL</b></font>

[student@workstation ~]$ git config --global credential.helper cache
[student@workstation ~]$ git config --global credential.helper &apos;cache --timeout=3600&apos;
[student@workstation ~]$ lab-configure

This script configures the connection parameters to access the OpenShift cluster for your lab scripts

 · Enter the API Endpoint: https://api.eu410.prod.nextcle.com:6443
 · Enter the Username: pscfxa
 · Enter the Password: 2260dcbb069a4d9f9c06
 · Enter the GitHub Account Name: Mica1999
 · Enter the Quay.io Account Name: laemmerh

You entered:
 · API Endpoint:			https://api.eu410.prod.nextcle.com:6443
 · Username:				pscfxa
 · Password:				2260dcbb069a4d9f9c06
 · GitHub Account Name:			Mica1999
 · Quay.io Account Name:		laemmerh

Generated config:
 · API Endpoint:			https://api.eu410.prod.nextcle.com:6443
 · Wildcard Domain:			apps.eu410.prod.nextcle.com
 · Nexus Server Host:			nexus-common.apps.eu410.prod.nextcle.com
 · Username:				pscfxa
 · Password:				2260dcbb069a4d9f9c06
 · GitHub Account Name:			Mica1999
 · Quay.io Account Name:		laemmerh

Verifying your API Endpoint...

Verifying your Nexus host...

Verifying your OpenShift developer user credentials...

Verifying your GitHub account name...

Verifying your Quay.io account name...

Verifying your cluster configuration...

Saving your lab configuration file...

<font color="#8AE234"><b>All fine, lab config saved. You can now proceed with your exercises.</b></font>

If you need to modify the configuration, rerun this script or directly modify the values in <b>/usr/local/etc/ocp4.config</b>.

[student@workstation ~]$ cd DO180-apps
bash: cd: DO180-apps: No such file or directory
[student@workstation ~]$ git clone https://github.com/yourgituser/DO180-apps
Cloning into &apos;DO180-apps&apos;...
Gtk-<font color="#8AE234"><b>Message</b></font>: <font color="#3465A4">10:54:19.525</font>: Failed to load module &quot;canberra-gtk-module&quot;
Gtk-<font color="#8AE234"><b>Message</b></font>: <font color="#3465A4">10:56:02.286</font>: Failed to load module &quot;canberra-gtk-module&quot;
remote: Repository not found.
fatal: repository &apos;https://github.com/yourgituser/DO180-apps/&apos; not found
[student@workstation ~]$ git clone https://github.com/Mica1999/DO180-apps
Cloning into &apos;DO180-apps&apos;...
remote: Enumerating objects: 72, done.
remote: Total 72 (delta 0), reused 0 (delta 0), pack-reused 72
Receiving objects: 100% (72/72), 223.07 KiB | 779.00 KiB/s, done.
Resolving deltas: 100% (7/7), done.
[student@workstation ~]$ ls -l DO180
total 0
drwxr-xr-x. 4 student student 56 Jan 17 09:34 <font color="#0087FF">labs</font>
drwxr-xr-x. 4 student student 56 Jan 17 09:34 <font color="#0087FF">solutions</font>
[student@workstation ~]$ ls -l DO180
DO180/      DO180-apps/ 
[student@workstation ~]$ ls -l DO180-apps/
total 4
drwxrwxr-x. 2 student student 23 Jan 26 10:59 <font color="#0087FF">example</font>
drwxrwxr-x. 2 student student 43 Jan 26 10:59 <font color="#0087FF">nodejs-app</font>
drwxrwxr-x. 2 student student 40 Jan 26 10:59 <font color="#0087FF">nodejs-helloworld</font>
drwxrwxr-x. 2 student student 23 Jan 26 10:59 <font color="#0087FF">php-helloworld</font>
-rw-rw-r--. 1 student student 54 Jan 26 10:59 README.md
drwxrwxr-x. 2 student student 23 Jan 26 10:59 <font color="#0087FF">temps</font>
drwxrwxr-x. 5 student student 51 Jan 26 10:59 <font color="#0087FF">todoapp</font>
[student@workstation ~]$ lab openshift-s2i start

Setting up workstation for the Guided Excercise: Creating a Containerized Application with Source-to-Image

 · Installing the tree command.................................  <font color="#34E2E2"><b>SUCCESS</b></font>
 Checking local clone of the applications repository:
 · Folder &apos;/home/student/DO180-apps&apos; is a git repo.............  <font color="#34E2E2"><b>SUCCESS</b></font>
 · Git repo &apos;/home/student/DO180-apps&apos; has no pending changes..  <font color="#34E2E2"><b>SUCCESS</b></font>
 Verifying the OpenShift cluster is running:
 · Log in on OpenShift.........................................  <font color="#34E2E2"><b>SUCCESS</b></font>
 · Check the internal registry is up and running...............  <font color="#34E2E2"><b>SUCCESS</b></font>
 · Ensuring the &apos;pscfxa-s2i&apos; project does not exist............  <font color="#34E2E2"><b>SUCCESS</b></font>
[student@workstation ~]$ 
[student@workstation ~]$ 
[student@workstation ~]$ cd ~/DO180-apps
[student@workstation DO180-apps]$ git status
On branch master
Your branch is up to date with &apos;origin/master&apos;.

nothing to commit, working tree clean
[student@workstation DO180-apps]$ git checkout master
Already on &apos;master&apos;
Your branch is up to date with &apos;origin/master&apos;.
[student@workstation DO180-apps]$ git checkout -b s2i
Switched to a new branch &apos;s2i&apos;
[student@workstation DO180-apps]$ git push -u origin s2i
Gtk-<font color="#8AE234"><b>Message</b></font>: <font color="#3465A4">11:01:24.233</font>: Failed to load module &quot;canberra-gtk-module&quot;
Gtk-<font color="#8AE234"><b>Message</b></font>: <font color="#3465A4">11:01:49.440</font>: Failed to load module &quot;canberra-gtk-module&quot;
Total 0 (delta 0), reused 0 (delta 0), pack-reused 0
remote: 
remote: Create a pull request for &apos;s2i&apos; on GitHub by visiting:
remote:      https://github.com/Mica1999/DO180-apps/pull/new/s2i
remote: 
To https://github.com/Mica1999/DO180-apps
 * [new branch]      s2i -&gt; s2i
Branch &apos;s2i&apos; set up to track remote branch &apos;s2i&apos; from &apos;origin&apos;.
[student@workstation DO180-apps]$ vi php-helloworld/index.php 
[student@workstation DO180-apps]$ source /usr/local/etc/ocp4.config
[student@workstation DO180-apps]$ oc login -u ${RHT_OCP4_DEV_USER} -p ${RHT_OCP4_DEV_PASSWORD} ${RHT_OCP4_MASTER_API}
Login successful.

You don&apos;t have any projects. You can try to create a new project, by running

    oc new-project &lt;projectname&gt;

[student@workstation DO180-apps]$ oc new-project ${RHT_OCP4_DEV_USER}-s2i
Now using project &quot;pscfxa-s2i&quot; on server &quot;https://api.eu410.prod.nextcle.com:6443&quot;.

You can add applications to this project with the &apos;new-app&apos; command. For example, try:

    oc new-app rails-postgresql-example

to build a new example application in Ruby. Or use kubectl to deploy a simple Kubernetes application:

    kubectl create deployment hello-node --image=k8s.gcr.io/e2e-test-images/agnhost:2.33 -- /agnhost serve-hostname

[student@workstation DO180-apps]$ oc new-app php:7.3 --name=php-helloworld https://github.com/${RHT_OCP4_GITHUB_USER}/DO180-apps#s2i --context-dir php-helloworld
--&gt; Found image fd2077a (11 months old) in image stream &quot;openshift/php&quot; under tag &quot;7.3&quot; for &quot;php:7.3&quot;

    Apache 2.4 with PHP 7.3 
    ----------------------- 
    PHP 7.3 available as container is a base platform for building and running various PHP 7.3 applications and frameworks. PHP is an HTML-embedded scripting language. PHP attempts to make it easy for developers to write dynamically generated web pages. PHP also offers built-in database integration for several commercial and non-commercial database management systems, so writing a database-enabled webpage with PHP is fairly simple. The most common use of PHP coding is probably as a replacement for CGI scripts.

    Tags: builder, php, php73, rh-php73

    * The source repository appears to match: php
    * A source build using source code from https://github.com/Mica1999/DO180-apps#s2i will be created
      * The resulting image will be pushed to image stream tag &quot;php-helloworld:latest&quot;
      * Use &apos;oc start-build&apos; to trigger a new build

--&gt; Creating resources ...
    imagestream.image.openshift.io &quot;php-helloworld&quot; created
    buildconfig.build.openshift.io &quot;php-helloworld&quot; created
    deployment.apps &quot;php-helloworld&quot; created
    service &quot;php-helloworld&quot; created
--&gt; Success
    Build scheduled, use &apos;oc logs -f buildconfig/php-helloworld&apos; to track its progress.
    Application is not exposed. You can expose services to the outside world by executing one or more of the commands below:
     &apos;oc expose service/php-helloworld&apos; 
    Run &apos;oc status&apos; to view your app.
[student@workstation DO180-apps]$ oc get pods
NAME                     READY   STATUS    RESTARTS   AGE
php-helloworld-1-build   1/1     Running   0          29s
[student@workstation DO180-apps]$ oc status
In project pscfxa-s2i on server https://api.eu410.prod.nextcle.com:6443

svc/php-helloworld - 172.30.73.252 ports 8080, 8443
  deployment/php-helloworld deploys istag/php-helloworld:latest &lt;-
    bc/php-helloworld source builds https://github.com/Mica1999/DO180-apps#s2i on openshift/php:7.3 
    deployment #2 running for 6 seconds - 1 pod
    deployment #1 deployed 38 seconds ago


1 info identified, use &apos;oc status --suggest&apos; to see details.
[student@workstation DO180-apps]$ oc get pods
NAME                              READY   STATUS      RESTARTS   AGE
php-helloworld-1-build            0/1     Completed   0          62s
php-helloworld-546d4dd6d4-js9l7   1/1     Running     0          30s
[student@workstation DO180-apps]$ oc logs --all-containers -f php-helloworld-1-build
Cloning &quot;https://github.com/Mica1999/DO180-apps&quot; ...
	Commit:	f7cd8963ef353d9173c3a21dcccf402f3616840b (Initial commit, including all apps previously in course)
	Author:	Jordi Sola &lt;someth2say@gmail.com&gt;
	Date:	Fri Oct 4 13:04:03 2019 +0200
time=&quot;2023-01-26T16:06:48Z&quot; level=info msg=&quot;Not using native diff for overlay, this may cause degraded performance for building images: kernel has CONFIG_OVERLAY_FS_REDIRECT_DIR enabled&quot;
I0126 16:06:48.251827       1 defaults.go:102] Defaulting to storage driver &quot;overlay&quot; with options [mountopt=metacopy=on].
Caching blobs under &quot;/var/cache/blobs&quot;.
Trying to pull image-registry.openshift-image-registry.svc:5000/openshift/php@sha256:c649c4d2735cb8e03463b456aee1fa0610d5e80dc00c5efcdab08db83ff6d746...
Getting image source signatures
Copying blob sha256:fd3cd11aea08456c116a42669bde7cf67dc6738c227f0dd9b26d4b677e2a98f1
Copying blob sha256:df920f1b41b8f18f9459e1c35abce96ed6a077e4cc77e4583a7af599be965b1b
Copying blob sha256:a2745c55c3c1fba0208863c387ce5d947a92be3c48577e8436c85b4712546f40
Copying blob sha256:e0e9ac142996019bde22d55cf51053069e0135f1aae55c9e3bdc77d591c3369b
Copying blob sha256:cafe1f99c39ec8cd1f8e696c7031d8c5756311c1ee87f20c65a816889714841c
Copying config sha256:fd2077affedb833b7b7c930dc7e3b52d9bf1c2add9ce51df1292e0cf18b207b6
Writing manifest to image destination
Storing signatures
Generating dockerfile with builder image image-registry.openshift-image-registry.svc:5000/openshift/php@sha256:c649c4d2735cb8e03463b456aee1fa0610d5e80dc00c5efcdab08db83ff6d746
Adding transient rw bind mount for /run/secrets/rhsm
STEP 1/9: FROM image-registry.openshift-image-registry.svc:5000/openshift/php@sha256:c649c4d2735cb8e03463b456aee1fa0610d5e80dc00c5efcdab08db83ff6d746
STEP 2/9: LABEL &quot;io.openshift.build.commit.ref&quot;=&quot;s2i&quot;       &quot;io.openshift.build.commit.message&quot;=&quot;Initial commit, including all apps previously in course&quot;       &quot;io.openshift.build.source-location&quot;=&quot;https://github.com/Mica1999/DO180-apps&quot;       &quot;io.openshift.build.source-context-dir&quot;=&quot;php-helloworld&quot;       &quot;io.openshift.build.image&quot;=&quot;image-registry.openshift-image-registry.svc:5000/openshift/php@sha256:c649c4d2735cb8e03463b456aee1fa0610d5e80dc00c5efcdab08db83ff6d746&quot;       &quot;io.openshift.build.commit.author&quot;=&quot;Jordi Sola &lt;someth2say@gmail.com&gt;&quot;       &quot;io.openshift.build.commit.date&quot;=&quot;Fri Oct 4 13:04:03 2019 +0200&quot;       &quot;io.openshift.build.commit.id&quot;=&quot;f7cd8963ef353d9173c3a21dcccf402f3616840b&quot;
STEP 3/9: ENV OPENSHIFT_BUILD_NAME=&quot;php-helloworld-1&quot;     OPENSHIFT_BUILD_NAMESPACE=&quot;pscfxa-s2i&quot;     OPENSHIFT_BUILD_SOURCE=&quot;https://github.com/Mica1999/DO180-apps&quot;     OPENSHIFT_BUILD_REFERENCE=&quot;s2i&quot;     OPENSHIFT_BUILD_COMMIT=&quot;f7cd8963ef353d9173c3a21dcccf402f3616840b&quot;
STEP 4/9: USER root
STEP 5/9: COPY upload/src /tmp/src
STEP 6/9: RUN chown -R 1001:0 /tmp/src
STEP 7/9: USER 1001
STEP 8/9: RUN /usr/libexec/s2i/assemble
---&gt; Installing application source...
=&gt; sourcing 20-copy-config.sh ...
---&gt; 16:07:07     Processing additional arbitrary httpd configuration provided by s2i ...
=&gt; sourcing 00-documentroot.conf ...
=&gt; sourcing 50-mpm-tuning.conf ...
=&gt; sourcing 40-ssl-certs.sh ...
STEP 9/9: CMD /usr/libexec/s2i/run
COMMIT temp.builder.openshift.io/pscfxa-s2i/php-helloworld-1:d70f9ffc
time=&quot;2023-01-26T16:07:07Z&quot; level=warning msg=&quot;Adding metacopy option, configured globally&quot;
Getting image source signatures
Copying blob sha256:0b054459c00a34b2b17c5b3c630f25270acb778be3e5c9369185a22d3cf9b42e
Copying blob sha256:73bf0b1db372c204a79bf1beadf847b1f9873bcdf2c48e4339d8ad292fab6efb
Copying blob sha256:84b6bd9f4d0c3e2bc727c4fb62701c07b71c5a33e9803c8f5c71d36a8515ade4
Copying blob sha256:d2ddbf27faca20065be426c2a7140f04899afbd2b811c8cd1bc3fe78b82d1c10
Copying blob sha256:1df73125d4f4eadf6563bec47f190a8303a5245536abd01848fd9cba5189b60c
Copying blob sha256:4132f20b7ab38e0687f4a7d362086fddfb4a1bd387a167287065d65486e364b4
Copying config sha256:e6c84ed8d15fc1e3bb8baefb97df4cd0ad657c93078b9c4954d3da3084f1a368
Writing manifest to image destination
Storing signatures
--&gt; e6c84ed8d15
Successfully tagged temp.builder.openshift.io/pscfxa-s2i/php-helloworld-1:d70f9ffc
e6c84ed8d15fc1e3bb8baefb97df4cd0ad657c93078b9c4954d3da3084f1a368

Pushing image image-registry.openshift-image-registry.svc:5000/pscfxa-s2i/php-helloworld:latest ...
Getting image source signatures
Copying blob sha256:4132f20b7ab38e0687f4a7d362086fddfb4a1bd387a167287065d65486e364b4
Copying blob sha256:e0e9ac142996019bde22d55cf51053069e0135f1aae55c9e3bdc77d591c3369b
Copying blob sha256:cafe1f99c39ec8cd1f8e696c7031d8c5756311c1ee87f20c65a816889714841c
Copying blob sha256:df920f1b41b8f18f9459e1c35abce96ed6a077e4cc77e4583a7af599be965b1b
Copying blob sha256:fd3cd11aea08456c116a42669bde7cf67dc6738c227f0dd9b26d4b677e2a98f1
Copying blob sha256:a2745c55c3c1fba0208863c387ce5d947a92be3c48577e8436c85b4712546f40
Copying config sha256:e6c84ed8d15fc1e3bb8baefb97df4cd0ad657c93078b9c4954d3da3084f1a368
Writing manifest to image destination
Storing signatures
Successfully pushed image-registry.openshift-image-registry.svc:5000/pscfxa-s2i/php-helloworld@sha256:74787a18abdaef4a56973c933d01004041869d19378cbb61d687e818a5445ebc
Push successful
[student@workstation DO180-apps]$ oc describe deployment/php-helloworld
Name:                   php-helloworld
Namespace:              pscfxa-s2i
CreationTimestamp:      Thu, 26 Jan 2023 11:06:36 -0500
Labels:                 app=php-helloworld
                        app.kubernetes.io/component=php-helloworld
                        app.kubernetes.io/instance=php-helloworld
Annotations:            deployment.kubernetes.io/revision: 2
                        image.openshift.io/triggers:
                          [{&quot;from&quot;:{&quot;kind&quot;:&quot;ImageStreamTag&quot;,&quot;name&quot;:&quot;php-helloworld:latest&quot;},&quot;fieldPath&quot;:&quot;spec.template.spec.containers[?(@.name==\&quot;php-helloworld\&quot;)...
                        openshift.io/generated-by: OpenShiftNewApp
Selector:               deployment=php-helloworld
Replicas:               1 desired | 1 updated | 1 total | 1 available | 0 unavailable
StrategyType:           RollingUpdate
MinReadySeconds:        0
RollingUpdateStrategy:  25% max unavailable, 25% max surge
Pod Template:
  Labels:       deployment=php-helloworld
  Annotations:  openshift.io/generated-by: OpenShiftNewApp
  Containers:
   php-helloworld:
    Image:        image-registry.openshift-image-registry.svc:5000/pscfxa-s2i/php-helloworld@sha256:74787a18abdaef4a56973c933d01004041869d19378cbb61d687e818a5445ebc
    Ports:        8080/TCP, 8443/TCP
    Host Ports:   0/TCP, 0/TCP
    Environment:  &lt;none&gt;
    Mounts:       &lt;none&gt;
  Volumes:        &lt;none&gt;
Conditions:
  Type           Status  Reason
  ----           ------  ------
  Available      True    MinimumReplicasAvailable
  Progressing    True    NewReplicaSetAvailable
OldReplicaSets:  &lt;none&gt;
NewReplicaSet:   php-helloworld-546d4dd6d4 (1/1 replicas created)
Events:
  Type    Reason             Age    From                   Message
  ----    ------             ----   ----                   -------
  Normal  ScalingReplicaSet  2m19s  deployment-controller  Scaled up replica set php-helloworld-6cb4f5cd4d to 1
  Normal  ScalingReplicaSet  107s   deployment-controller  Scaled up replica set php-helloworld-546d4dd6d4 to 1
  Normal  ScalingReplicaSet  103s   deployment-controller  Scaled down replica set php-helloworld-6cb4f5cd4d to 0
[student@workstation DO180-apps]$ oc expose service php-helloworld --name ${RHT_OCP4_DEV_USER}-helloworld
route.route.openshift.io/pscfxa-helloworld exposed
[student@workstation DO180-apps]$ oc get route
NAME                HOST/PORT                                                  PATH   SERVICES         PORT       TERMINATION   WILDCARD
pscfxa-helloworld   pscfxa-helloworld-pscfxa-s2i.apps.eu410.prod.nextcle.com          php-helloworld   8080-tcp                 None
[student@workstation DO180-apps]$ oc get route -o jsonpath=&apos;{..spec.host}{&quot;\n&quot;}&apos;
pscfxa-helloworld-pscfxa-s2i.apps.eu410.prod.nextcle.com
[student@workstation DO180-apps]$ curl -s pscfxa-helloworld-pscfxa-s2i.apps.eu410.prod.nextcle.com
Hello, World! php version is 7.3.29
[student@workstation DO180-apps]$ vi php-helloworld/index.php 
[student@workstation DO180-apps]$ git status 
On branch s2i
Your branch is up to date with &apos;origin/s2i&apos;.

Changes not staged for commit:
  (use &quot;git add &lt;file&gt;...&quot; to update what will be committed)
  (use &quot;git restore &lt;file&gt;...&quot; to discard changes in working directory)
	<font color="#4E9A06">modified:   php-helloworld/index.php</font>

no changes added to commit (use &quot;git add&quot; and/or &quot;git commit -a&quot;)
[student@workstation DO180-apps]$ git add php-helloworld/index.php
[student@workstation DO180-apps]$ git commit 
[s2i 4b172ef] Changed index page contents.
 1 file changed, 1 insertion(+)
[student@workstation DO180-apps]$ git status
On branch s2i
Your branch is ahead of &apos;origin/s2i&apos; by 1 commit.
  (use &quot;git push&quot; to publish your local commits)

nothing to commit, working tree clean
[student@workstation DO180-apps]$ git status
On branch s2i
Your branch is ahead of &apos;origin/s2i&apos; by 1 commit.
  (use &quot;git push&quot; to publish your local commits)

nothing to commit, working tree clean
[student@workstation DO180-apps]$ git push origin s2i
Enumerating objects: 7, done.
Counting objects: 100% (7/7), done.
Delta compression using up to 2 threads
Compressing objects: 100% (3/3), done.
Writing objects: 100% (4/4), 451 bytes | 451.00 KiB/s, done.
Total 4 (delta 1), reused 0 (delta 0), pack-reused 0
remote: Resolving deltas: 100% (1/1), completed with 1 local object.
To https://github.com/Mica1999/DO180-apps
   f7cd896..4b172ef  s2i -&gt; s2i
[student@workstation DO180-apps]$ oc get pods
NAME                              READY   STATUS      RESTARTS   AGE
php-helloworld-1-build            0/1     Completed   0          8m8s
php-helloworld-546d4dd6d4-js9l7   1/1     Running     0          7m36s
[student@workstation DO180-apps]$ oc start-build php-helloworld
build.build.openshift.io/php-helloworld-2 started
[student@workstation DO180-apps]$ oc get pods
NAME                              READY   STATUS      RESTARTS   AGE
php-helloworld-1-build            0/1     Completed   0          8m45s
php-helloworld-2-build            0/1     Init:0/2    0          6s
php-helloworld-546d4dd6d4-js9l7   1/1     Running     0          8m13s
[student@workstation DO180-apps]$ oc get pods
NAME                              READY   STATUS      RESTARTS   AGE
php-helloworld-1-build            0/1     Completed   0          8m50s
php-helloworld-2-build            0/1     Init:1/2    0          11s
php-helloworld-546d4dd6d4-js9l7   1/1     Running     0          8m18s
[student@workstation DO180-apps]$ oc get pods
NAME                              READY   STATUS      RESTARTS   AGE
php-helloworld-1-build            0/1     Completed   0          8m55s
php-helloworld-2-build            1/1     Running     0          16s
php-helloworld-546d4dd6d4-js9l7   1/1     Running     0          8m23s
[student@workstation DO180-apps]$ oc get pods
NAME                              READY   STATUS      RESTARTS   AGE
php-helloworld-1-build            0/1     Completed   0          8m59s
php-helloworld-2-build            1/1     Running     0          20s
php-helloworld-546d4dd6d4-js9l7   1/1     Running     0          8m27s
[student@workstation DO180-apps]$ oc get pods
NAME                              READY   STATUS      RESTARTS   AGE
php-helloworld-1-build            0/1     Completed   0          9m4s
php-helloworld-2-build            1/1     Running     0          25s
php-helloworld-546d4dd6d4-js9l7   1/1     Running     0          8m32s
[student@workstation DO180-apps]$ oc get pods
NAME                              READY   STATUS      RESTARTS   AGE
php-helloworld-1-build            0/1     Completed   0          9m7s
php-helloworld-2-build            1/1     Running     0          28s
php-helloworld-546d4dd6d4-js9l7   1/1     Running     0          8m35s
[student@workstation DO180-apps]$ oc get pods
NAME                              READY   STATUS      RESTARTS   AGE
php-helloworld-1-build            0/1     Completed   0          9m11s
php-helloworld-2-build            1/1     Running     0          32s
php-helloworld-546d4dd6d4-js9l7   1/1     Running     0          8m39s
[student@workstation DO180-apps]$ oc get pods
NAME                              READY   STATUS              RESTARTS   AGE
php-helloworld-1-build            0/1     Completed           0          9m14s
php-helloworld-2-build            0/1     Completed           0          35s
php-helloworld-546d4dd6d4-js9l7   1/1     Running             0          8m42s
php-helloworld-5fb779684c-dzn7g   0/1     ContainerCreating   0          2s
[student@workstation DO180-apps]$ oc start-build php-helloworld
build.build.openshift.io/php-helloworld-3 started
[student@workstation DO180-apps]$ curl -s pscfxa-helloworld-pscfxa-s2i.apps.eu410.prod.nextcle.com
Hello, World! php version is 7.3.29
Change should trigger automatic re-build and re-deploy?
[student@workstation DO180-apps]$ oc start-build php-helloworld
build.build.openshift.io/php-helloworld-4 started
[student@workstation DO180-apps]$ oc get pods
NAME                              READY   STATUS      RESTARTS   AGE
php-helloworld-1-build            0/1     Completed   0          9m42s
php-helloworld-2-build            0/1     Completed   0          63s
php-helloworld-3-build            1/1     Running     0          14s
php-helloworld-5fb779684c-dzn7g   1/1     Running     0          30s
[student@workstation DO180-apps]$ oc get pods
NAME                              READY   STATUS      RESTARTS   AGE
php-helloworld-1-build            0/1     Completed   0          9m51s
php-helloworld-2-build            0/1     Completed   0          72s
php-helloworld-3-build            1/1     Running     0          23s
php-helloworld-5fb779684c-dzn7g   1/1     Running     0          39s
[student@workstation DO180-apps]$ oc get pods
NAME                              READY   STATUS      RESTARTS   AGE
php-helloworld-1-build            0/1     Completed   0          9m55s
php-helloworld-2-build            0/1     Completed   0          76s
php-helloworld-3-build            1/1     Running     0          27s
php-helloworld-5fb779684c-dzn7g   1/1     Running     0          43s
[student@workstation DO180-apps]$ oc get pods
NAME                              READY   STATUS      RESTARTS   AGE
php-helloworld-1-build            0/1     Completed   0          9m59s
php-helloworld-2-build            0/1     Completed   0          80s
php-helloworld-3-build            1/1     Running     0          31s
php-helloworld-5fb779684c-dzn7g   1/1     Running     0          47s
[student@workstation DO180-apps]$ oc get pods
NAME                              READY   STATUS              RESTARTS   AGE
php-helloworld-1-build            0/1     Completed           0          10m
php-helloworld-2-build            0/1     Completed           0          84s
php-helloworld-3-build            0/1     Completed           0          35s
php-helloworld-4-build            0/1     Init:0/2            0          2s
php-helloworld-5fb779684c-dzn7g   1/1     Running             0          51s
php-helloworld-7f879bddbc-x95th   0/1     ContainerCreating   0          3s
[student@workstation DO180-apps]$ oc get pods
NAME                              READY   STATUS      RESTARTS   AGE
php-helloworld-1-build            0/1     Completed   0          10m
php-helloworld-2-build            0/1     Completed   0          89s
php-helloworld-3-build            0/1     Completed   0          40s
php-helloworld-4-build            0/1     Init:0/2    0          7s
php-helloworld-7f879bddbc-x95th   1/1     Running     0          8s
[student@workstation DO180-apps]$ oc get pods
NAME                              READY   STATUS      RESTARTS   AGE
php-helloworld-1-build            0/1     Completed   0          10m
php-helloworld-2-build            0/1     Completed   0          94s
php-helloworld-3-build            0/1     Completed   0          45s
php-helloworld-4-build            1/1     Running     0          12s
php-helloworld-7f879bddbc-x95th   1/1     Running     0          13s
[student@workstation DO180-apps]$ oc get pods
NAME                              READY   STATUS      RESTARTS   AGE
php-helloworld-1-build            0/1     Completed   0          10m
php-helloworld-2-build            0/1     Completed   0          99s
php-helloworld-3-build            0/1     Completed   0          50s
php-helloworld-4-build            1/1     Running     0          17s
php-helloworld-7f879bddbc-x95th   1/1     Running     0          18s
[student@workstation DO180-apps]$ oc get pods
NAME                              READY   STATUS      RESTARTS   AGE
php-helloworld-1-build            0/1     Completed   0          10m
php-helloworld-2-build            0/1     Completed   0          106s
php-helloworld-3-build            0/1     Completed   0          57s
php-helloworld-4-build            1/1     Running     0          24s
php-helloworld-7f879bddbc-x95th   1/1     Running     0          25s
[student@workstation DO180-apps]$ oc get pods
NAME                              READY   STATUS      RESTARTS   AGE
php-helloworld-1-build            0/1     Completed   0          10m
php-helloworld-2-build            0/1     Completed   0          114s
php-helloworld-3-build            0/1     Completed   0          65s
php-helloworld-4-build            1/1     Running     0          32s
php-helloworld-7f879bddbc-x95th   1/1     Running     0          33s
[student@workstation DO180-apps]$ oc get pods
NAME                              READY   STATUS              RESTARTS   AGE
php-helloworld-1-build            0/1     Completed           0          10m
php-helloworld-2-build            0/1     Completed           0          117s
php-helloworld-3-build            0/1     Completed           0          68s
php-helloworld-4-build            0/1     Completed           0          35s
php-helloworld-5b588bcd77-vqztm   0/1     ContainerCreating   0          1s
php-helloworld-7f879bddbc-x95th   1/1     Running             0          36s
[student@workstation DO180-apps]$ oc get pods
NAME                              READY   STATUS              RESTARTS   AGE
php-helloworld-1-build            0/1     Completed           0          10m
php-helloworld-2-build            0/1     Completed           0          119s
php-helloworld-3-build            0/1     Completed           0          70s
php-helloworld-4-build            0/1     Completed           0          37s
php-helloworld-5b588bcd77-vqztm   0/1     ContainerCreating   0          3s
php-helloworld-7f879bddbc-x95th   1/1     Running             0          38s
[student@workstation DO180-apps]$ oc get pods
NAME                              READY   STATUS      RESTARTS   AGE
php-helloworld-1-build            0/1     Completed   0          10m
php-helloworld-2-build            0/1     Completed   0          2m3s
php-helloworld-3-build            0/1     Completed   0          74s
php-helloworld-4-build            0/1     Completed   0          41s
php-helloworld-5b588bcd77-vqztm   1/1     Running     0          7s
[student@workstation DO180-apps]$ curl -s pscfxa-helloworld-pscfxa-s2i.apps.eu410.prod.nextcle.com
Hello, World! php version is 7.3.29
Change should trigger automatic re-build and re-deploy?
[student@workstation DO180-apps]$ 
[student@workstation DO180-apps]$ 
[student@workstation DO180-apps]$ oc get is -n openshift
NAME                                                 IMAGE REPOSITORY                                                                                                                  TAGS                                                     UPDATED
apicast-gateway                                      default-route-openshift-image-registry.apps.eu410.prod.nextcle.com/openshift/apicast-gateway                                      2.1.0.GA,2.10.0.GA,2.11.0.GA,2.11.1.GA + 9 more...       10 months ago
apicurito-ui                                         default-route-openshift-image-registry.apps.eu410.prod.nextcle.com/openshift/apicurito-ui                                         1.10,1.2,1.3,1.4,1.5,1.6,1.7,1.8                         10 months ago
cli                                                  default-route-openshift-image-registry.apps.eu410.prod.nextcle.com/openshift/cli                                                  latest                                                   10 months ago
cli-artifacts                                        default-route-openshift-image-registry.apps.eu410.prod.nextcle.com/openshift/cli-artifacts                                        latest                                                   10 months ago
dotnet                                               default-route-openshift-image-registry.apps.eu410.prod.nextcle.com/openshift/dotnet                                               3.1,3.1-el7,3.1-ubi8,5.0,5.0-ubi8,6.0 + 2 more...        10 months ago
dotnet-runtime                                       default-route-openshift-image-registry.apps.eu410.prod.nextcle.com/openshift/dotnet-runtime                                       3.1,3.1-el7,3.1-ubi8,5.0,5.0-ubi8,6.0 + 2 more...        10 months ago
driver-toolkit                                       default-route-openshift-image-registry.apps.eu410.prod.nextcle.com/openshift/driver-toolkit                                       410.84.202203141348-0,latest + 1 more...                 10 months ago
fis-java-openshift                                   default-route-openshift-image-registry.apps.eu410.prod.nextcle.com/openshift/fis-java-openshift                                   1.0,2.0                                                  10 months ago
fis-karaf-openshift                                  default-route-openshift-image-registry.apps.eu410.prod.nextcle.com/openshift/fis-karaf-openshift                                  1.0,2.0                                                  10 months ago
fuse-apicurito-generator                             default-route-openshift-image-registry.apps.eu410.prod.nextcle.com/openshift/fuse-apicurito-generator                             1.10,1.2,1.3,1.4,1.5,1.6,1.7,1.8                         10 months ago
fuse7-console                                        default-route-openshift-image-registry.apps.eu410.prod.nextcle.com/openshift/fuse7-console                                        1.0,1.1,1.10,1.2,1.3,1.4,1.5,1.6,1.7 + 1 more...         10 months ago
fuse7-eap-openshift                                  default-route-openshift-image-registry.apps.eu410.prod.nextcle.com/openshift/fuse7-eap-openshift                                  1.0,1.1,1.10,1.2,1.3,1.4,1.5,1.6,1.7 + 1 more...         10 months ago
fuse7-eap-openshift-java11                           default-route-openshift-image-registry.apps.eu410.prod.nextcle.com/openshift/fuse7-eap-openshift-java11                           1.10                                                     10 months ago
fuse7-java-openshift                                 default-route-openshift-image-registry.apps.eu410.prod.nextcle.com/openshift/fuse7-java-openshift                                 1.0,1.1,1.10,1.2,1.3,1.4,1.5,1.6,1.7 + 1 more...         10 months ago
fuse7-java11-openshift                               default-route-openshift-image-registry.apps.eu410.prod.nextcle.com/openshift/fuse7-java11-openshift                               1.10                                                     10 months ago
fuse7-karaf-openshift                                default-route-openshift-image-registry.apps.eu410.prod.nextcle.com/openshift/fuse7-karaf-openshift                                1.0,1.1,1.10,1.2,1.3,1.4,1.5,1.6,1.7 + 1 more...         10 months ago
fuse7-karaf-openshift-jdk11                          default-route-openshift-image-registry.apps.eu410.prod.nextcle.com/openshift/fuse7-karaf-openshift-jdk11                          1.10                                                     10 months ago
golang                                               default-route-openshift-image-registry.apps.eu410.prod.nextcle.com/openshift/golang                                               1.16.7-ubi7,1.16.7-ubi8,latest                           10 months ago
httpd                                                default-route-openshift-image-registry.apps.eu410.prod.nextcle.com/openshift/httpd                                                2.4,2.4-el7,2.4-el8,latest                               10 months ago
installer                                            default-route-openshift-image-registry.apps.eu410.prod.nextcle.com/openshift/installer                                            latest                                                   10 months ago
installer-artifacts                                  default-route-openshift-image-registry.apps.eu410.prod.nextcle.com/openshift/installer-artifacts                                  latest                                                   10 months ago
java                                                 default-route-openshift-image-registry.apps.eu410.prod.nextcle.com/openshift/java                                                 11,8,latest,openjdk-11-el7,openjdk-11-ubi8 + 3 more...   10 months ago
java-runtime                                         default-route-openshift-image-registry.apps.eu410.prod.nextcle.com/openshift/java-runtime                                         latest,openjdk-11-ubi8,openjdk-17-ubi8 + 1 more...       10 months ago
jboss-amq-62                                         default-route-openshift-image-registry.apps.eu410.prod.nextcle.com/openshift/jboss-amq-62                                         1.1,1.2,1.3,1.4,1.5,1.6,1.7                              10 months ago
jboss-amq-63                                         default-route-openshift-image-registry.apps.eu410.prod.nextcle.com/openshift/jboss-amq-63                                         1.0,1.1,1.2,1.3,1.4                                      10 months ago
jboss-datagrid65-client-openshift                    default-route-openshift-image-registry.apps.eu410.prod.nextcle.com/openshift/jboss-datagrid65-client-openshift                    1.0,1.1                                                  10 months ago
jboss-datagrid65-openshift                           default-route-openshift-image-registry.apps.eu410.prod.nextcle.com/openshift/jboss-datagrid65-openshift                           1.2,1.3,1.4,1.5,1.6                                      10 months ago
jboss-datagrid71-client-openshift                    default-route-openshift-image-registry.apps.eu410.prod.nextcle.com/openshift/jboss-datagrid71-client-openshift                    1.0                                                      10 months ago
jboss-datagrid71-openshift                           default-route-openshift-image-registry.apps.eu410.prod.nextcle.com/openshift/jboss-datagrid71-openshift                           1.0,1.1,1.2,1.3                                          10 months ago
jboss-datagrid72-openshift                           default-route-openshift-image-registry.apps.eu410.prod.nextcle.com/openshift/jboss-datagrid72-openshift                           1.0,1.1,1.2                                              10 months ago
jboss-datagrid73-openshift                           default-route-openshift-image-registry.apps.eu410.prod.nextcle.com/openshift/jboss-datagrid73-openshift                           1.0,1.1,1.2,1.3,1.4                                      10 months ago
jboss-datavirt64-driver-openshift                    default-route-openshift-image-registry.apps.eu410.prod.nextcle.com/openshift/jboss-datavirt64-driver-openshift                    1.0,1.1,1.2,1.3,1.4,1.5,1.6,1.7                          10 months ago
jboss-datavirt64-openshift                           default-route-openshift-image-registry.apps.eu410.prod.nextcle.com/openshift/jboss-datavirt64-openshift                           1.0,1.1,1.2,1.3,1.4,1.5,1.6,1.7                          10 months ago
jboss-decisionserver64-openshift                     default-route-openshift-image-registry.apps.eu410.prod.nextcle.com/openshift/jboss-decisionserver64-openshift                     1.0,1.1,1.2,1.3,1.4,1.5,1.6                              10 months ago
jboss-eap-xp3-openjdk11-openshift                    default-route-openshift-image-registry.apps.eu410.prod.nextcle.com/openshift/jboss-eap-xp3-openjdk11-openshift                    3.0,latest                                               10 months ago
jboss-eap-xp3-openjdk11-runtime-openshift            default-route-openshift-image-registry.apps.eu410.prod.nextcle.com/openshift/jboss-eap-xp3-openjdk11-runtime-openshift            3.0,latest                                               10 months ago
jboss-eap64-openshift                                default-route-openshift-image-registry.apps.eu410.prod.nextcle.com/openshift/jboss-eap64-openshift                                1.1,1.2,1.3,1.4,1.5,1.6,1.7,1.8,1.9 + 1 more...          10 months ago
jboss-eap70-openshift                                default-route-openshift-image-registry.apps.eu410.prod.nextcle.com/openshift/jboss-eap70-openshift                                1.3,1.4,1.5,1.6,1.7                                      10 months ago
jboss-eap71-openshift                                default-route-openshift-image-registry.apps.eu410.prod.nextcle.com/openshift/jboss-eap71-openshift                                1.1,1.2,1.3,1.4,latest                                   10 months ago
jboss-eap72-openjdk11-openshift-rhel8                default-route-openshift-image-registry.apps.eu410.prod.nextcle.com/openshift/jboss-eap72-openjdk11-openshift-rhel8                1.0,1.1,latest                                           10 months ago
jboss-eap72-openshift                                default-route-openshift-image-registry.apps.eu410.prod.nextcle.com/openshift/jboss-eap72-openshift                                1.0,1.1,1.2,latest                                       10 months ago
jboss-eap73-openjdk11-openshift                      default-route-openshift-image-registry.apps.eu410.prod.nextcle.com/openshift/jboss-eap73-openjdk11-openshift                      7.3,7.3.0,latest                                         10 months ago
jboss-eap73-openjdk11-runtime-openshift              default-route-openshift-image-registry.apps.eu410.prod.nextcle.com/openshift/jboss-eap73-openjdk11-runtime-openshift              7.3,7.3.0,latest                                         10 months ago
jboss-eap73-openshift                                default-route-openshift-image-registry.apps.eu410.prod.nextcle.com/openshift/jboss-eap73-openshift                                7.3,7.3.0,latest                                         10 months ago
jboss-eap73-runtime-openshift                        default-route-openshift-image-registry.apps.eu410.prod.nextcle.com/openshift/jboss-eap73-runtime-openshift                        7.3,7.3.0,latest                                         10 months ago
jboss-eap74-openjdk11-openshift                      default-route-openshift-image-registry.apps.eu410.prod.nextcle.com/openshift/jboss-eap74-openjdk11-openshift                      7.4.0,latest                                             10 months ago
jboss-eap74-openjdk11-runtime-openshift              default-route-openshift-image-registry.apps.eu410.prod.nextcle.com/openshift/jboss-eap74-openjdk11-runtime-openshift              7.4.0,latest                                             10 months ago
jboss-eap74-openjdk8-openshift                       default-route-openshift-image-registry.apps.eu410.prod.nextcle.com/openshift/jboss-eap74-openjdk8-openshift                       7.4.0,latest                                             10 months ago
jboss-eap74-openjdk8-runtime-openshift               default-route-openshift-image-registry.apps.eu410.prod.nextcle.com/openshift/jboss-eap74-openjdk8-runtime-openshift               7.4.0,latest                                             10 months ago
jboss-fuse70-console                                 default-route-openshift-image-registry.apps.eu410.prod.nextcle.com/openshift/jboss-fuse70-console                                 1.0                                                      10 months ago
jboss-fuse70-eap-openshift                           default-route-openshift-image-registry.apps.eu410.prod.nextcle.com/openshift/jboss-fuse70-eap-openshift                           1.0                                                      10 months ago
jboss-fuse70-java-openshift                          default-route-openshift-image-registry.apps.eu410.prod.nextcle.com/openshift/jboss-fuse70-java-openshift                          1.0                                                      10 months ago
jboss-fuse70-karaf-openshift                         default-route-openshift-image-registry.apps.eu410.prod.nextcle.com/openshift/jboss-fuse70-karaf-openshift                         1.0                                                      10 months ago
jboss-processserver64-openshift                      default-route-openshift-image-registry.apps.eu410.prod.nextcle.com/openshift/jboss-processserver64-openshift                      1.0,1.1,1.2,1.3,1.4,1.5,1.6                              10 months ago
jboss-webserver31-tomcat7-openshift                  default-route-openshift-image-registry.apps.eu410.prod.nextcle.com/openshift/jboss-webserver31-tomcat7-openshift                  1.0,1.1,1.2,1.3,1.4                                      10 months ago
jboss-webserver31-tomcat8-openshift                  default-route-openshift-image-registry.apps.eu410.prod.nextcle.com/openshift/jboss-webserver31-tomcat8-openshift                  1.0,1.1,1.2,1.3,1.4                                      10 months ago
jboss-webserver56-openjdk11-tomcat9-openshift-ubi8   default-route-openshift-image-registry.apps.eu410.prod.nextcle.com/openshift/jboss-webserver56-openjdk11-tomcat9-openshift-ubi8   5.6.0,latest                                             10 months ago
jboss-webserver56-openjdk8-tomcat9-openshift-ubi8    default-route-openshift-image-registry.apps.eu410.prod.nextcle.com/openshift/jboss-webserver56-openjdk8-tomcat9-openshift-ubi8    5.6.0,latest                                             10 months ago
jenkins                                              default-route-openshift-image-registry.apps.eu410.prod.nextcle.com/openshift/jenkins                                              2,latest                                                 10 months ago
jenkins-agent-base                                   default-route-openshift-image-registry.apps.eu410.prod.nextcle.com/openshift/jenkins-agent-base                                   latest                                                   10 months ago
jenkins-agent-maven                                  default-route-openshift-image-registry.apps.eu410.prod.nextcle.com/openshift/jenkins-agent-maven                                  latest,v4.0                                              10 months ago
jenkins-agent-nodejs                                 default-route-openshift-image-registry.apps.eu410.prod.nextcle.com/openshift/jenkins-agent-nodejs                                 latest,v4.0                                              10 months ago
mariadb                                              default-route-openshift-image-registry.apps.eu410.prod.nextcle.com/openshift/mariadb                                              10.3,10.3-el7,10.3-el8,10.5-el7 + 2 more...              10 months ago
must-gather                                          default-route-openshift-image-registry.apps.eu410.prod.nextcle.com/openshift/must-gather                                          latest                                                   10 months ago
mysql                                                default-route-openshift-image-registry.apps.eu410.prod.nextcle.com/openshift/mysql                                                8.0,8.0-el7,8.0-el8,latest                               10 months ago
nginx                                                default-route-openshift-image-registry.apps.eu410.prod.nextcle.com/openshift/nginx                                                1.18-ubi7,1.18-ubi8,1.20-ubi7,1.20-ubi8 + 1 more...      10 months ago
nodejs                                               default-route-openshift-image-registry.apps.eu410.prod.nextcle.com/openshift/nodejs                                               14-ubi7,14-ubi8,14-ubi8-minimal,16-ubi8 + 2 more...      10 months ago
oauth-proxy                                          default-route-openshift-image-registry.apps.eu410.prod.nextcle.com/openshift/oauth-proxy                                          v4.4                                                     10 months ago
openjdk-11-rhel7                                     default-route-openshift-image-registry.apps.eu410.prod.nextcle.com/openshift/openjdk-11-rhel7                                     1.0,1.1,1.10                                             10 months ago
openjdk-11-rhel8                                     default-route-openshift-image-registry.apps.eu410.prod.nextcle.com/openshift/openjdk-11-rhel8                                     1.0                                                      10 months ago
perl                                                 default-route-openshift-image-registry.apps.eu410.prod.nextcle.com/openshift/perl                                                 5.26-ubi8,5.30,5.30-el7,5.30-ubi8 + 1 more...            10 months ago
php                                                  default-route-openshift-image-registry.apps.eu410.prod.nextcle.com/openshift/php                                                  7.3,7.3-ubi7,7.4-ubi8,latest                             10 months ago
postgresql                                           default-route-openshift-image-registry.apps.eu410.prod.nextcle.com/openshift/postgresql                                           10,10-el7,10-el8,12,12-el7,12-el8 + 3 more...            10 months ago
python                                               default-route-openshift-image-registry.apps.eu410.prod.nextcle.com/openshift/python                                               2.7,2.7-ubi7,2.7-ubi8,3.6-ubi8,3.8 + 4 more...           10 months ago
redhat-openjdk18-openshift                           default-route-openshift-image-registry.apps.eu410.prod.nextcle.com/openshift/redhat-openjdk18-openshift                           1.0,1.1,1.10,1.2,1.3,1.4,1.5,1.6,1.7 + 1 more...         10 months ago
redhat-sso70-openshift                               default-route-openshift-image-registry.apps.eu410.prod.nextcle.com/openshift/redhat-sso70-openshift                               1.3,1.4                                                  10 months ago
redhat-sso71-openshift                               default-route-openshift-image-registry.apps.eu410.prod.nextcle.com/openshift/redhat-sso71-openshift                               1.0,1.1,1.2,1.3                                          10 months ago
redhat-sso72-openshift                               default-route-openshift-image-registry.apps.eu410.prod.nextcle.com/openshift/redhat-sso72-openshift                               1.0,1.1,1.2,1.3,1.4                                      10 months ago
redhat-sso73-openshift                               default-route-openshift-image-registry.apps.eu410.prod.nextcle.com/openshift/redhat-sso73-openshift                               1.0,latest                                               10 months ago
redis                                                default-route-openshift-image-registry.apps.eu410.prod.nextcle.com/openshift/redis                                                5,5-el7,5-el8,6-el7,6-el8,latest                         10 months ago
rhdm-decisioncentral-rhel8                           default-route-openshift-image-registry.apps.eu410.prod.nextcle.com/openshift/rhdm-decisioncentral-rhel8                           7.11.1                                                   10 months ago
rhdm-kieserver-rhel8                                 default-route-openshift-image-registry.apps.eu410.prod.nextcle.com/openshift/rhdm-kieserver-rhel8                                 7.11.1                                                   10 months ago
rhpam-businesscentral-monitoring-rhel8               default-route-openshift-image-registry.apps.eu410.prod.nextcle.com/openshift/rhpam-businesscentral-monitoring-rhel8               7.11.1                                                   10 months ago
rhpam-businesscentral-rhel8                          default-route-openshift-image-registry.apps.eu410.prod.nextcle.com/openshift/rhpam-businesscentral-rhel8                          7.11.1                                                   10 months ago
rhpam-kieserver-rhel8                                default-route-openshift-image-registry.apps.eu410.prod.nextcle.com/openshift/rhpam-kieserver-rhel8                                7.11.1                                                   10 months ago
rhpam-smartrouter-rhel8                              default-route-openshift-image-registry.apps.eu410.prod.nextcle.com/openshift/rhpam-smartrouter-rhel8                              7.11.1                                                   10 months ago
ruby                                                 default-route-openshift-image-registry.apps.eu410.prod.nextcle.com/openshift/ruby                                                 2.5-ubi8,2.6,2.6-ubi7,2.6-ubi8,2.7 + 5 more...           10 months ago
sso74-openshift-rhel8                                default-route-openshift-image-registry.apps.eu410.prod.nextcle.com/openshift/sso74-openshift-rhel8                                7.4,latest                                               10 months ago
sso75-openshift-rhel8                                default-route-openshift-image-registry.apps.eu410.prod.nextcle.com/openshift/sso75-openshift-rhel8                                7.5,latest                                               10 months ago
tests                                                default-route-openshift-image-registry.apps.eu410.prod.nextcle.com/openshift/tests                                                latest                                                   10 months ago
tools                                                default-route-openshift-image-registry.apps.eu410.prod.nextcle.com/openshift/tools                                                latest                                                   10 months ago
ubi8-openjdk-11                                      default-route-openshift-image-registry.apps.eu410.prod.nextcle.com/openshift/ubi8-openjdk-11                                      1.10,1.3                                                 10 months ago
ubi8-openjdk-11-runtime                              default-route-openshift-image-registry.apps.eu410.prod.nextcle.com/openshift/ubi8-openjdk-11-runtime                              1.10,1.9                                                 10 months ago
ubi8-openjdk-8                                       default-route-openshift-image-registry.apps.eu410.prod.nextcle.com/openshift/ubi8-openjdk-8                                       1.10,1.3                                                 10 months ago
ubi8-openjdk-8-runtime                               default-route-openshift-image-registry.apps.eu410.prod.nextcle.com/openshift/ubi8-openjdk-8-runtime                               1.10,1.9                                                 10 months ago
[student@workstation DO180-apps]$ 
[student@workstation DO180-apps]$ 
[student@workstation DO180-apps]$ 
[student@workstation DO180-apps]$ 
[student@workstation DO180-apps]$ oc show
error: unknown command &quot;show&quot; for &quot;oc&quot;
[student@workstation DO180-apps]$ oc get deployment
NAME             READY   UP-TO-DATE   AVAILABLE   AGE
php-helloworld   1/1     1            1           18m
[student@workstation DO180-apps]$ oc get 
Display all 192 possibilities? (y or n)
[student@workstation DO180-apps]$ oc get ls
error: the server doesn&apos;t have a resource type &quot;ls&quot;
[student@workstation DO180-apps]$ oc get 
Display all 192 possibilities? (y or n)
alertmanagerconfigs.monitoring.coreos.com
alertmanagers.monitoring.coreos.com
apirequestcounts.apiserver.openshift.io
apiservers.config.openshift.io
apiservices.apiregistration.k8s.io
appliedclusterresourcequotas.quota.openshift.io
authentications.config.openshift.io
authentications.operator.openshift.io
baremetalhosts.metal3.io
bmceventsubscriptions.metal3.io
brokertemplateinstances.template.openshift.io
buildconfigs.build.openshift.io
builds.build.openshift.io
builds.camel.apache.org
builds.config.openshift.io
camelcatalogs.camel.apache.org
catalogsources.operators.coreos.com
certificatesigningrequests.certificates.k8s.io
cloudcredentials.operator.openshift.io
clusterautoscalers.autoscaling.openshift.io
clustercsidrivers.operator.openshift.io
clusternetworks.network.openshift.io
clusteroperators.config.openshift.io
clusterresourcequotas.quota.openshift.io
clusterrolebindings.authorization.openshift.io
clusterrolebindings.rbac.authorization.k8s.io
clusterroles.authorization.openshift.io
clusterroles.rbac.authorization.k8s.io
clusterserviceversions.operators.coreos.com
clusterversions.config.openshift.io
componentstatuses
configmaps
configs.imageregistry.operator.openshift.io
configs.operator.openshift.io
configs.samples.operator.openshift.io
consoleclidownloads.console.openshift.io
consoleexternalloglinks.console.openshift.io
consolelinks.console.openshift.io
consolenotifications.console.openshift.io
consoleplugins.console.openshift.io
consolequickstarts.console.openshift.io
consoles.config.openshift.io
consoles.operator.openshift.io
consoleyamlsamples.console.openshift.io
containerruntimeconfigs.machineconfiguration.openshift.io
controllerconfigs.machineconfiguration.openshift.io
controllerrevisions.apps
credentialsrequests.cloudcredential.openshift.io
cronjobs.batch
csidrivers.storage.k8s.io
csinodes.storage.k8s.io
csisnapshotcontrollers.operator.openshift.io
csistoragecapacities.storage.k8s.io
customresourcedefinitions.apiextensions.k8s.io
daemonsets.apps
deploymentconfigs.apps.openshift.io
deployments.apps
dnses.config.openshift.io
dnses.operator.openshift.io
dnsrecords.ingress.operator.openshift.io
egressnetworkpolicies.network.openshift.io
egressrouters.network.operator.openshift.io
endpoints
endpointslices.discovery.k8s.io
etcds.operator.openshift.io
events
events.events.k8s.io
featuregates.config.openshift.io
firmwareschemas.metal3.io
flowschemas.flowcontrol.apiserver.k8s.io
groups.user.openshift.io
helmchartrepositories.helm.openshift.io
horizontalpodautoscalers.autoscaling
hostfirmwaresettings.metal3.io
hostsubnets.network.openshift.io
identities.user.openshift.io
imagecontentpolicies.config.openshift.io
imagecontentsourcepolicies.operator.openshift.io
imagepruners.imageregistry.operator.openshift.io
images.config.openshift.io
images.image.openshift.io
imagestreamimages.image.openshift.io
imagestreams.image.openshift.io
imagestreamtags.image.openshift.io
imagetags.image.openshift.io
infrastructures.config.openshift.io
ingressclasses.networking.k8s.io
ingresscontrollers.operator.openshift.io
ingresses.config.openshift.io
ingresses.networking.k8s.io
installplans.operators.coreos.com
integrationkits.camel.apache.org
integrationplatforms.camel.apache.org
integrations.camel.apache.org
ippools.whereabouts.cni.cncf.io
jobs.batch
kameletbindings.camel.apache.org
kamelets.camel.apache.org
kubeapiservers.operator.openshift.io
kubecontrollermanagers.operator.openshift.io
kubeletconfigs.machineconfiguration.openshift.io
kubeschedulers.operator.openshift.io
kubestorageversionmigrators.operator.openshift.io
leases.coordination.k8s.io
limitranges
machineautoscalers.autoscaling.openshift.io
machineconfigpools.machineconfiguration.openshift.io
machineconfigs.machineconfiguration.openshift.io
machinehealthchecks.machine.openshift.io
machinesets.machine.openshift.io
machines.machine.openshift.io
mutatingwebhookconfigurations.admissionregistration.k8s.io
namespaces
netnamespaces.network.openshift.io
network-attachment-definitions.k8s.cni.cncf.io
networkpolicies.networking.k8s.io
networks.config.openshift.io
networks.operator.openshift.io
nodes
nodes.metrics.k8s.io
oauthaccesstokens.oauth.openshift.io
oauthauthorizetokens.oauth.openshift.io
oauthclientauthorizations.oauth.openshift.io
oauthclients.oauth.openshift.io
oauths.config.openshift.io
olmconfigs.operators.coreos.com
openshiftapiservers.operator.openshift.io
openshiftcontrollermanagers.operator.openshift.io
operatorconditions.operators.coreos.com
operatorgroups.operators.coreos.com
operatorhubs.config.openshift.io
operatorpkis.network.operator.openshift.io
operators.operators.coreos.com
overlappingrangeipreservations.whereabouts.cni.cncf.io
packagemanifests.packages.operators.coreos.com
persistentvolumeclaims
persistentvolumes
poddisruptionbudgets.policy
podmonitors.monitoring.coreos.com
podnetworkconnectivitychecks.controlplane.operator.openshift.io
pods
podsecuritypolicies.policy
pods.metrics.k8s.io
podtemplates
preprovisioningimages.metal3.io
priorityclasses.scheduling.k8s.io
prioritylevelconfigurations.flowcontrol.apiserver.k8s.io
probes.monitoring.coreos.com
profiles.tuned.openshift.io
projects.config.openshift.io
projects.project.openshift.io
prometheuses.monitoring.coreos.com
prometheusrules.monitoring.coreos.com
provisionings.metal3.io
proxies.config.openshift.io
rangeallocations.security.internal.openshift.io
rangeallocations.security.openshift.io
replicasets.apps
replicationcontrollers
resourcequotas
rolebindingrestrictions.authorization.openshift.io
rolebindings.authorization.openshift.io
rolebindings.rbac.authorization.k8s.io
roles.authorization.openshift.io
roles.rbac.authorization.k8s.io
routes.route.openshift.io
runtimeclasses.node.k8s.io
schedulers.config.openshift.io
secrets
securitycontextconstraints.security.openshift.io
serviceaccounts
servicecas.operator.openshift.io
servicemonitors.monitoring.coreos.com
services
statefulsets.apps
storageclasses.storage.k8s.io
storages.operator.openshift.io
storagestates.migration.k8s.io
storageversionmigrations.migration.k8s.io
subscriptions.operators.coreos.com
templateinstances.template.openshift.io
templates.template.openshift.io
thanosrulers.monitoring.coreos.com
tuneds.tuned.openshift.io
useridentitymappings.user.openshift.io
useroauthaccesstokens.oauth.openshift.io
users.user.openshift.io
validatingwebhookconfigurations.admissionregistration.k8s.io
volumeattachments.storage.k8s.io
volumesnapshotclasses.snapshot.storage.k8s.io
volumesnapshotcontents.snapshot.storage.k8s.io
volumesnapshots.snapshot.storage.k8s.io
[student@workstation DO180-apps]$ oc get build
NAME               TYPE     FROM          STATUS     STARTED          DURATION
php-helloworld-1   Source   Git@f7cd896   Complete   19 minutes ago   33s
php-helloworld-2   Source   Git@4b172ef   Complete   11 minutes ago   33s
php-helloworld-3   Source   Git@4b172ef   Complete   10 minutes ago   33s
php-helloworld-4   Source   Git@4b172ef   Complete   9 minutes ago    34s
[student@workstation DO180-apps]$ oc get image
Error from server (Forbidden): images.image.openshift.io is forbidden: User &quot;pscfxa&quot; cannot list resource &quot;images&quot; in API group &quot;image.openshift.io&quot; at the cluster scope
[student@workstation DO180-apps]$ oc get image
imagecontentpolicies.config.openshift.io          imagestreamimages.image.openshift.io
imagecontentsourcepolicies.operator.openshift.io  imagestreams.image.openshift.io
imagepruners.imageregistry.operator.openshift.io  imagestreamtags.image.openshift.io
images.config.openshift.io                        imagetags.image.openshift.io
images.image.openshift.io                         
[student@workstation DO180-apps]$ oc get build
buildconfigs.build.openshift.io  builds.camel.apache.org          
builds.build.openshift.io        builds.config.openshift.io       
[student@workstation DO180-apps]$ oc get buildconfigs.build.openshift.io 
NAME             TYPE     FROM      LATEST
php-helloworld   Source   Git@s2i   4
[student@workstation DO180-apps]$ oc get builds.
NAME               TYPE     FROM          STATUS     STARTED          DURATION
php-helloworld-1   Source   Git@f7cd896   Complete   21 minutes ago   33s
php-helloworld-2   Source   Git@4b172ef   Complete   12 minutes ago   33s
php-helloworld-3   Source   Git@4b172ef   Complete   11 minutes ago   33s
php-helloworld-4   Source   Git@4b172ef   Complete   11 minutes ago   34s
[student@workstation DO180-apps]$ oc get image
imagecontentpolicies.config.openshift.io          imagestreamimages.image.openshift.io
imagecontentsourcepolicies.operator.openshift.io  imagestreams.image.openshift.io
imagepruners.imageregistry.operator.openshift.io  imagestreamtags.image.openshift.io
images.config.openshift.io                        imagetags.image.openshift.io
images.image.openshift.io                         
[student@workstation DO180-apps]$ oc get image
imagecontentpolicies.config.openshift.io          imagestreamimages.image.openshift.io
imagecontentsourcepolicies.operator.openshift.io  imagestreams.image.openshift.io
imagepruners.imageregistry.operator.openshift.io  imagestreamtags.image.openshift.io
images.config.openshift.io                        imagetags.image.openshift.io
images.image.openshift.io                         
[student@workstation DO180-apps]$ oc get imagestreams
NAME             IMAGE REPOSITORY                                                                               TAGS     UPDATED
php-helloworld   default-route-openshift-image-registry.apps.eu410.prod.nextcle.com/pscfxa-s2i/php-helloworld   latest   10 minutes ago
[student@workstation DO180-apps]$ oc get imagestreamimages.image.openshift.io 
Error from server (NotFound): Unable to list &quot;image.openshift.io/v1, Resource=imagestreamimages&quot;: the server could not find the requested resource
[student@workstation DO180-apps]$ oc get imagetags.image.openshift.io 
NAME                    SPEC   STATUS                                                                          HISTORY   UPDATED
php-helloworld:latest   Push   image/sha256:9ca898bfea6a275cf9526f01287f6f9657865f027c85382e5c20ec9be22068e1   4         11 minutes ago
[student@workstation DO180-apps]$ oc get deployment
deploymentconfigs.apps.openshift.io  deployments.apps
[student@workstation DO180-apps]$ oc get deployments
NAME             READY   UP-TO-DATE   AVAILABLE   AGE
php-helloworld   1/1     1            1           22m
[student@workstation DO180-apps]$ oc get deploymentconfigs.apps.openshift.io 
No resources found in pscfxa-s2i namespace.
[student@workstation DO180-apps]$ oc get namespaces 
Error from server (Forbidden): namespaces is forbidden: User &quot;pscfxa&quot; cannot list resource &quot;namespaces&quot; in API group &quot;&quot; at the cluster scope
[student@workstation DO180-apps]$ oc describe 
Display all 192 possibilities? (y or n)
[student@workstation DO180-apps]$ oc describe deployment
Name:                   php-helloworld
Namespace:              pscfxa-s2i
CreationTimestamp:      Thu, 26 Jan 2023 11:06:36 -0500
Labels:                 app=php-helloworld
                        app.kubernetes.io/component=php-helloworld
                        app.kubernetes.io/instance=php-helloworld
Annotations:            deployment.kubernetes.io/revision: 5
                        image.openshift.io/triggers:
                          [{&quot;from&quot;:{&quot;kind&quot;:&quot;ImageStreamTag&quot;,&quot;name&quot;:&quot;php-helloworld:latest&quot;},&quot;fieldPath&quot;:&quot;spec.template.spec.containers[?(@.name==\&quot;php-helloworld\&quot;)...
                        openshift.io/generated-by: OpenShiftNewApp
Selector:               deployment=php-helloworld
Replicas:               1 desired | 1 updated | 1 total | 1 available | 0 unavailable
StrategyType:           RollingUpdate
MinReadySeconds:        0
RollingUpdateStrategy:  25% max unavailable, 25% max surge
Pod Template:
  Labels:       deployment=php-helloworld
  Annotations:  openshift.io/generated-by: OpenShiftNewApp
  Containers:
   php-helloworld:
    Image:        image-registry.openshift-image-registry.svc:5000/pscfxa-s2i/php-helloworld@sha256:9ca898bfea6a275cf9526f01287f6f9657865f027c85382e5c20ec9be22068e1
    Ports:        8080/TCP, 8443/TCP
    Host Ports:   0/TCP, 0/TCP
    Environment:  &lt;none&gt;
    Mounts:       &lt;none&gt;
  Volumes:        &lt;none&gt;
Conditions:
  Type           Status  Reason
  ----           ------  ------
  Available      True    MinimumReplicasAvailable
  Progressing    True    NewReplicaSetAvailable
OldReplicaSets:  &lt;none&gt;
NewReplicaSet:   php-helloworld-5b588bcd77 (1/1 replicas created)
Events:
  Type    Reason             Age   From                   Message
  ----    ------             ----  ----                   -------
  Normal  ScalingReplicaSet  22m   deployment-controller  Scaled up replica set php-helloworld-6cb4f5cd4d to 1
  Normal  ScalingReplicaSet  22m   deployment-controller  Scaled up replica set php-helloworld-546d4dd6d4 to 1
  Normal  ScalingReplicaSet  22m   deployment-controller  Scaled down replica set php-helloworld-6cb4f5cd4d to 0
  Normal  ScalingReplicaSet  13m   deployment-controller  Scaled up replica set php-helloworld-5fb779684c to 1
  Normal  ScalingReplicaSet  13m   deployment-controller  Scaled down replica set php-helloworld-546d4dd6d4 to 0
  Normal  ScalingReplicaSet  12m   deployment-controller  Scaled up replica set php-helloworld-7f879bddbc to 1
  Normal  ScalingReplicaSet  12m   deployment-controller  Scaled down replica set php-helloworld-5fb779684c to 0
  Normal  ScalingReplicaSet  12m   deployment-controller  Scaled up replica set php-helloworld-5b588bcd77 to 1
  Normal  ScalingReplicaSet  12m   deployment-controller  Scaled down replica set php-helloworld-7f879bddbc to 0
[student@workstation DO180-apps]$ oc describe buildconfigs.build.openshift.io c
Error from server (NotFound): buildconfigs.build.openshift.io &quot;c&quot; not found
[student@workstation DO180-apps]$ oc describe buildconfigs.build.openshift.io 
Name:		php-helloworld
Namespace:	pscfxa-s2i
Created:	23 minutes ago
Labels:		app=php-helloworld
		app.kubernetes.io/component=php-helloworld
		app.kubernetes.io/instance=php-helloworld
Annotations:	openshift.io/generated-by=OpenShiftNewApp
Latest Version:	4

Strategy:	Source
URL:		https://github.com/Mica1999/DO180-apps
Ref:		s2i
ContextDir:	php-helloworld
From Image:	ImageStreamTag openshift/php:7.3
Volumes:	&lt;none&gt;
Output to:	ImageStreamTag php-helloworld:latest

Build Run Policy:	Serial
Triggered by:		Config, ImageChange
Webhook GitHub:
	URL:	https://api.eu410.prod.nextcle.com:6443/apis/build.openshift.io/v1/namespaces/pscfxa-s2i/buildconfigs/php-helloworld/webhooks/&lt;secret&gt;/github
Webhook Generic:
	URL:		https://api.eu410.prod.nextcle.com:6443/apis/build.openshift.io/v1/namespaces/pscfxa-s2i/buildconfigs/php-helloworld/webhooks/&lt;secret&gt;/generic
	AllowEnv:	false
Builds History Limit:
	Successful:	5
	Failed:		5

Build			Status		Duration	Creation Time
php-helloworld-4 	complete 	34s 		2023-01-26 11:16:14 -0500 EST
php-helloworld-3 	complete 	33s 		2023-01-26 11:16:04 -0500 EST
php-helloworld-2 	complete 	33s 		2023-01-26 11:15:15 -0500 EST
php-helloworld-1 	complete 	33s 		2023-01-26 11:06:36 -0500 EST

Events:	&lt;none&gt;
[student@workstation DO180-apps]$ oc describe buildconfigs.build.openshift.io -o json
error: unknown shorthand flag: &apos;o&apos; in -o
See &apos;oc describe --help&apos; for usage.
[student@workstation DO180-apps]$ ^C
[student@workstation DO180-apps]$ 

